{
  "Value": {
    "Username": {
      "_value": {
        "ValueKind": "String"
      },
      "Value": {
        "ValueKind": "String"
      },
      "Options": null
    },
    "Roles": [
      {
        "_value": {
          "ValueKind": "String"
        },
        "Value": {
          "ValueKind": "String"
        },
        "Options": null
      }
    ]
  }
}
